// Jest Snapshot v1, https://goo.gl/fbAQLP

exports[`<Search /> should display the search 1`] = `<Search />`;
