// Jest Snapshot v1, https://goo.gl/fbAQLP

exports[`<Error /> should display the Error 1`] = `<Error />`;
