// Jest Snapshot v1, https://goo.gl/fbAQLP

exports[`<Reviews /> should display the Reviews 1`] = `<Reviews />`;
