// Jest Snapshot v1, https://goo.gl/fbAQLP

exports[`<Header /> should display the header 1`] = `<Header />`;
