// Jest Snapshot v1, https://goo.gl/fbAQLP

exports[`<Loader /> should display the loader 1`] = `<Loader />`;
